background content                      
                                        
        ┌─ Confirm ────────────┐        
        │┌────────────────────┐│        
        ││field1              ││        
        │└────────────────────┘│        
        │┌────────────────────┐│        
        ││field2              ││        
        │└────────────────────┘│        
        └──────────────────────┘        
                                        
                                        
