┌──────────────────────────────────────┐
│back┌────────────────────────────┐    │
│    │ ype a command              │    │
│    │> Open File                 │    │
│    │  Save File                 │    │
│    │  Close Window              │    │
│    │                            │    │
│    │                            │    │
│    └────────────────────────────┘    │
└──────────────────────────────────────┘
